Traceback (most recent call last):
  File "C:\Programming\guidedInteligence\testing\codeRepoQA\run_case.py", line 1641, in <module>
    raise SystemExit(main())
                     ^^^^^^
  File "C:\Programming\guidedInteligence\testing\codeRepoQA\run_case.py", line 610, in main
    run_dir = evaluate_case(
              ^^^^^^^^^^^^^^
  File "C:\Programming\guidedInteligence\testing\codeRepoQA\run_case.py", line 348, in evaluate_case
    run_case(
  File "C:\Programming\guidedInteligence\testing\codeRepoQA\run_case.py", line 230, in run_case
    result = control_layer.run(state)
             ^^^^^^^^^^^^^^^^^^^^^^^^
  File "C:\Programming\guidedInteligence\core\control_layer.py", line 84, in run
    retrieval_result = self.retrieval_stage.retrieve(retrieval_state, policy_result)
                       ^^^^^^^^^^^^^^^^^^^^^^^^^^^^^^^^^^^^^^^^^^^^^^^^^^^^^^^^^^^^^
  File "C:\Programming\guidedInteligence\services\retrieval\workspace\stage.py", line 34, in retrieve
    return run_workspace_retrieval(self.context, state, policy_result)
           ^^^^^^^^^^^^^^^^^^^^^^^^^^^^^^^^^^^^^^^^^^^^^^^^^^^^^^^^^^^
  File "C:\Programming\guidedInteligence\services\retrieval\workspace\pipeline\execution_flow\retrieval.py", line 109, in run_workspace_retrieval
    result = run_obligation_retrieval(
             ^^^^^^^^^^^^^^^^^^^^^^^^^
  File "C:\Programming\guidedInteligence\services\retrieval\workspace\pipeline\execution_flow\qualification_first_retrieval.py", line 206, in run_obligation_retrieval
    controller = run_retrieval_controller(
                 ^^^^^^^^^^^^^^^^^^^^^^^^^
  File "C:\Programming\guidedInteligence\services\retrieval\workspace\pipeline\execution_flow\retrieval_controller.py", line 292, in run_retrieval_controller
    else merge_observation_pair(existing, observation)
         ^^^^^^^^^^^^^^^^^^^^^^^^^^^^^^^^^^^^^^^^^^^^^
  File "C:\Programming\guidedInteligence\services\retrieval\workspace\pipeline\execution_flow\discovery_observations.py", line 264, in merge_observation_pair
    raise ValueError("Cannot merge observations with different source identities.")
ValueError: Cannot merge observations with different source identities.
